###############################################################################
#
# IAR ELF Linker V9.40.1.364/W64 for ARM                  11/Sep/2023  12:50:07
# Copyright 2007-2023 IAR Systems AB.
#
#    Output file  =
#        R:\Target\Demo\ARMCM3_STM32F2_Olimex_STM32P207_IAR\Boot\bin\openblt_stm32f207.out
#    Map file     =
#        R:\Target\Demo\ARMCM3_STM32F2_Olimex_STM32P207_IAR\Boot\obj\openblt_stm32f207.map
#    Command line =
#        -f
#        R:\Target\Demo\ARMCM3_STM32F2_Olimex_STM32P207_IAR\Boot\bin\openblt_stm32f207.out.rsp
#        (R:\Target\Demo\ARMCM3_STM32F2_Olimex_STM32P207_IAR\Boot\obj\Source_15812263154798067462.dir\asserts.o
#        R:\Target\Demo\ARMCM3_STM32F2_Olimex_STM32P207_IAR\Boot\obj\Source_15812263154798067462.dir\backdoor.o
#        R:\Target\Demo\ARMCM3_STM32F2_Olimex_STM32P207_IAR\Boot\obj\Source_15812263154798067462.dir\boot.o
#        R:\Target\Demo\ARMCM3_STM32F2_Olimex_STM32P207_IAR\Boot\obj\ARMCM3_STM32F2_12879159777159738471.dir\can.o
#        R:\Target\Demo\ARMCM3_STM32F2_Olimex_STM32P207_IAR\Boot\obj\Source_15812263154798067462.dir\com.o
#        R:\Target\Demo\ARMCM3_STM32F2_Olimex_STM32P207_IAR\Boot\obj\Source_15812263154798067462.dir\cop.o
#        R:\Target\Demo\ARMCM3_STM32F2_Olimex_STM32P207_IAR\Boot\obj\ARMCM3_STM32F2_12879159777159738471.dir\cpu.o
#        R:\Target\Demo\ARMCM3_STM32F2_Olimex_STM32P207_IAR\Boot\obj\IAR_7007868016798648757.dir\cpu_comp.o
#        R:\Target\Demo\ARMCM3_STM32F2_Olimex_STM32P207_IAR\Boot\obj\fatfs_8849921791639881067.dir\ff.o
#        R:\Target\Demo\ARMCM3_STM32F2_Olimex_STM32P207_IAR\Boot\obj\Source_15812263154798067462.dir\file.o
#        R:\Target\Demo\ARMCM3_STM32F2_Olimex_STM32P207_IAR\Boot\obj\ARMCM3_STM32F2_12879159777159738471.dir\flash.o
#        R:\Target\Demo\ARMCM3_STM32F2_Olimex_STM32P207_IAR\Boot\obj\Boot_3900015366244659033.dir\hooks.o
#        R:\Target\Demo\ARMCM3_STM32F2_Olimex_STM32P207_IAR\Boot\obj\Boot_3900015366244659033.dir\led.o
#        R:\Target\Demo\ARMCM3_STM32F2_Olimex_STM32P207_IAR\Boot\obj\Boot_3900015366244659033.dir\main.o
#        R:\Target\Demo\ARMCM3_STM32F2_Olimex_STM32P207_IAR\Boot\obj\fatfs_14428981400584350155.dir\mmc.o
#        R:\Target\Demo\ARMCM3_STM32F2_Olimex_STM32P207_IAR\Boot\obj\Source_15812263154798067462.dir\net.o
#        R:\Target\Demo\ARMCM3_STM32F2_Olimex_STM32P207_IAR\Boot\obj\ARMCM3_STM32F2_12879159777159738471.dir\nvm.o
#        R:\Target\Demo\ARMCM3_STM32F2_Olimex_STM32P207_IAR\Boot\obj\ARMCM3_STM32F2_12879159777159738471.dir\rs232.o
#        R:\Target\Demo\ARMCM3_STM32F2_Olimex_STM32P207_IAR\Boot\obj\Boot_3900015366244659033.dir\startup_stm32f2xx.o
#        R:\Target\Demo\ARMCM3_STM32F2_Olimex_STM32P207_IAR\Boot\obj\HAL_6669170930832769733.dir\stm32f2xx_hal.o
#        R:\Target\Demo\ARMCM3_STM32F2_Olimex_STM32P207_IAR\Boot\obj\HAL_6669170930832769733.dir\stm32f2xx_hal_can.o
#        R:\Target\Demo\ARMCM3_STM32F2_Olimex_STM32P207_IAR\Boot\obj\HAL_6669170930832769733.dir\stm32f2xx_hal_cortex.o
#        R:\Target\Demo\ARMCM3_STM32F2_Olimex_STM32P207_IAR\Boot\obj\HAL_6669170930832769733.dir\stm32f2xx_hal_dma.o
#        R:\Target\Demo\ARMCM3_STM32F2_Olimex_STM32P207_IAR\Boot\obj\HAL_6669170930832769733.dir\stm32f2xx_hal_dma_ex.o
#        R:\Target\Demo\ARMCM3_STM32F2_Olimex_STM32P207_IAR\Boot\obj\HAL_6669170930832769733.dir\stm32f2xx_hal_exti.o
#        R:\Target\Demo\ARMCM3_STM32F2_Olimex_STM32P207_IAR\Boot\obj\HAL_6669170930832769733.dir\stm32f2xx_hal_flash.o
#        R:\Target\Demo\ARMCM3_STM32F2_Olimex_STM32P207_IAR\Boot\obj\HAL_6669170930832769733.dir\stm32f2xx_hal_flash_ex.o
#        R:\Target\Demo\ARMCM3_STM32F2_Olimex_STM32P207_IAR\Boot\obj\HAL_6669170930832769733.dir\stm32f2xx_hal_gpio.o
#        R:\Target\Demo\ARMCM3_STM32F2_Olimex_STM32P207_IAR\Boot\obj\HAL_6669170930832769733.dir\stm32f2xx_hal_pwr.o
#        R:\Target\Demo\ARMCM3_STM32F2_Olimex_STM32P207_IAR\Boot\obj\HAL_6669170930832769733.dir\stm32f2xx_hal_pwr_ex.o
#        R:\Target\Demo\ARMCM3_STM32F2_Olimex_STM32P207_IAR\Boot\obj\HAL_6669170930832769733.dir\stm32f2xx_hal_rcc.o
#        R:\Target\Demo\ARMCM3_STM32F2_Olimex_STM32P207_IAR\Boot\obj\HAL_6669170930832769733.dir\stm32f2xx_hal_rcc_ex.o
#        R:\Target\Demo\ARMCM3_STM32F2_Olimex_STM32P207_IAR\Boot\obj\HAL_6669170930832769733.dir\stm32f2xx_hal_tim.o
#        R:\Target\Demo\ARMCM3_STM32F2_Olimex_STM32P207_IAR\Boot\obj\HAL_6669170930832769733.dir\stm32f2xx_hal_tim_ex.o
#        R:\Target\Demo\ARMCM3_STM32F2_Olimex_STM32P207_IAR\Boot\obj\HAL_6669170930832769733.dir\stm32f2xx_ll_dma.o
#        R:\Target\Demo\ARMCM3_STM32F2_Olimex_STM32P207_IAR\Boot\obj\HAL_6669170930832769733.dir\stm32f2xx_ll_exti.o
#        R:\Target\Demo\ARMCM3_STM32F2_Olimex_STM32P207_IAR\Boot\obj\HAL_6669170930832769733.dir\stm32f2xx_ll_gpio.o
#        R:\Target\Demo\ARMCM3_STM32F2_Olimex_STM32P207_IAR\Boot\obj\HAL_6669170930832769733.dir\stm32f2xx_ll_rcc.o
#        R:\Target\Demo\ARMCM3_STM32F2_Olimex_STM32P207_IAR\Boot\obj\HAL_6669170930832769733.dir\stm32f2xx_ll_spi.o
#        R:\Target\Demo\ARMCM3_STM32F2_Olimex_STM32P207_IAR\Boot\obj\HAL_6669170930832769733.dir\stm32f2xx_ll_usart.o
#        R:\Target\Demo\ARMCM3_STM32F2_Olimex_STM32P207_IAR\Boot\obj\HAL_6669170930832769733.dir\stm32f2xx_ll_utils.o
#        R:\Target\Demo\ARMCM3_STM32F2_Olimex_STM32P207_IAR\Boot\obj\lib_3603755483826162965.dir\system_stm32f2xx.o
#        R:\Target\Demo\ARMCM3_STM32F2_Olimex_STM32P207_IAR\Boot\obj\ARMCM3_STM32F2_12879159777159738471.dir\timer.o
#        R:\Target\Demo\ARMCM3_STM32F2_Olimex_STM32P207_IAR\Boot\obj\fatfs_8849921791639881067.dir\unicode.o
#        R:\Target\Demo\ARMCM3_STM32F2_Olimex_STM32P207_IAR\Boot\obj\Source_15812263154798067462.dir\xcp.o
#        --redirect _Printf=_PrintfSmallNoMb --redirect _Scanf=_ScanfSmallNoMb
#        --no_out_extension -o
#        R:\Target\Demo\ARMCM3_STM32F2_Olimex_STM32P207_IAR\Boot\bin\openblt_stm32f207.out
#        --map
#        R:\Target\Demo\ARMCM3_STM32F2_Olimex_STM32P207_IAR\Boot\obj\openblt_stm32f207.map
#        --config
#        R:\Target\Demo\ARMCM3_STM32F2_Olimex_STM32P207_IAR\Boot\ide\..\stm32f2xx_flash.icf
#        --semihosting --entry __iar_program_start --vfe --text_out locale
#        --cpu=Cortex-M3 --fpu=None) --dependencies=n
#        R:\Target\Demo\ARMCM3_STM32F2_Olimex_STM32P207_IAR\Boot\bin\openblt_stm32f207.out.iar_deps
#
###############################################################################

*******************************************************************************
*** RUNTIME MODEL ATTRIBUTES
***

CppFlavor       = *
__CPP_Runtime   = 1
__SystemLibrary = DLib
__dlib_version  = 6


*******************************************************************************
*** HEAP SELECTION
***

The basic heap was selected because --advanced_heap
was not specified and the application did not appear to
be primarily optimized for speed.


*******************************************************************************
*** PLACEMENT SUMMARY
***

"A0":  place at address 0x800'0000 { ro section .intvec };
"P1":  place in [from 0x800'0000 to 0x800'7fff] { ro };
define block CSTACK with size = 2K, alignment = 8 { };
define block HEAP with size = 2K, alignment = 8 { };
"P2":  place in [from 0x2000'0000 to 0x2002'0000] {
          rw, block CSTACK, block HEAP };
initialize by copy { rw };

  Section            Kind         Address    Size  Object
  -------            ----         -------    ----  ------
"A0":                                       0x184
  .intvec            ro code   0x800'0000   0x184  startup_stm32f2xx.o [2]
                             - 0x800'0184   0x184

"P1":                                      0x249c
  .text              ro code   0x800'0184   0x582  stm32f2xx_hal_can.o [3]
  .text              ro code   0x800'0706     0x2  stm32f2xx_hal_can.o [3]
  .text              ro code   0x800'0708    0x70  timer.o [1]
  .text              ro code   0x800'0778   0x470  flash.o [1]
  .text              ro code   0x800'0be8    0x6e  cpu.o [1]
  .text              ro code   0x800'0c56    0x10  cop.o [5]
  .text              ro code   0x800'0c66    0x2a  copy_init3.o [10]
  .text              ro code   0x800'0c90   0x200  stm32f2xx_hal_flash.o [3]
  .text              ro code   0x800'0e90     0x8  asserts.o [5]
  .text              ro code   0x800'0e98   0x184  stm32f2xx_hal_flash_ex.o [3]
  .text              ro code   0x800'101c     0x8  cpu_comp.o [4]
  .text              ro code   0x800'1024    0x3c  nvm.o [1]
  .text              ro code   0x800'1060    0x46  hooks.o [2]
  .text              ro code   0x800'10a8    0xbc  com.o [5]
  .text              ro code   0x800'1164    0x80  stm32f2xx_hal.o [3]
  .text              ro code   0x800'11e4    0x80  led.o [2]
  .text              ro code   0x800'1264   0x46e  xcp.o [5]
  .text              ro code   0x800'16d4   0x25c  can.o [1]
  .text              ro code   0x800'1930   0x100  stm32f2xx_hal_cortex.o [3]
  .text              ro code   0x800'1a30    0x4c  stm32f2xx_hal.o [3]
  .text              ro code   0x800'1a7c   0x2ca  main.o [2]
  .text              ro code   0x800'1d48   0x1f4  stm32f2xx_ll_rcc.o [3]
  .text              ro code   0x800'1f3c    0x30  boot.o [5]
  .text              ro code   0x800'1f6c     0xc  stm32f2xx_ll_utils.o [3]
  .text              ro code   0x800'1f78   0x264  stm32f2xx_ll_gpio.o [3]
  .text              ro code   0x800'21dc    0x64  backdoor.o [5]
  .text              ro code   0x800'2240    0x54  system_stm32f2xx.o [8]
  .rodata            const     0x800'2294    0x48  flash.o [1]
  .rodata            const     0x800'22dc    0x40  main.o [2]
  .text              ro code   0x800'231c    0x38  zero_init3.o [10]
  .rodata            const     0x800'2354    0x28  can.o [1]
  .rodata            const     0x800'237c    0x28  flash.o [1]
  .text              ro code   0x800'23a4    0x28  data_init.o [10]
  .rodata            const     0x800'23cc    0x24  can.o [1]
  .iar.init_table    const     0x800'23f0    0x24  - Linker created -
  .text              ro code   0x800'2414    0x1e  cmain.o [10]
  .text              ro code   0x800'2432     0x4  low_level_init.o [9]
  .text              ro code   0x800'2436     0x4  exit.o [9]
  .text              ro code   0x800'243c     0xa  cexit.o [10]
  .text              ro code   0x800'2448    0x14  exit.o [11]
  .text              ro code   0x800'245c    0x1c  cstartup_M.o [10]
  Initializer bytes  const     0x800'2478    0x14  <for P2-1>
  .rodata            const     0x800'248c    0x10  system_stm32f2xx.o [8]
  .text              ro code   0x800'249c    0x10  startup_stm32f2xx.o [2]
  .rodata            const     0x800'24ac     0x8  system_stm32f2xx.o [8]
  .rodata            const     0x800'24b4     0x8  xcp.o [5]
  .text              ro code   0x800'24bc     0x4  startup_stm32f2xx.o [2]
  .text              ro code   0x800'24c0     0x4  startup_stm32f2xx.o [2]
  .text              ro code   0x800'24c4     0x4  startup_stm32f2xx.o [2]
  .text              ro code   0x800'24c8     0x4  startup_stm32f2xx.o [2]
  .text              ro code   0x800'24cc     0x4  startup_stm32f2xx.o [2]
  .text              ro code   0x800'24d0     0x4  startup_stm32f2xx.o [2]
  .text              ro code   0x800'24d4     0x4  startup_stm32f2xx.o [2]
  .text              ro code   0x800'24d8     0x4  startup_stm32f2xx.o [2]
  .text              ro code   0x800'24dc     0x4  startup_stm32f2xx.o [2]
  .text              ro code   0x800'24e0     0x4  startup_stm32f2xx.o [2]
  .text              ro code   0x800'24e4     0x4  startup_stm32f2xx.o [2]
  .text              ro code   0x800'24e8     0x4  startup_stm32f2xx.o [2]
  .text              ro code   0x800'24ec     0x4  startup_stm32f2xx.o [2]
  .text              ro code   0x800'24f0     0x4  startup_stm32f2xx.o [2]
  .text              ro code   0x800'24f4     0x4  startup_stm32f2xx.o [2]
  .text              ro code   0x800'24f8     0x4  startup_stm32f2xx.o [2]
  .text              ro code   0x800'24fc     0x4  startup_stm32f2xx.o [2]
  .text              ro code   0x800'2500     0x4  startup_stm32f2xx.o [2]
  .text              ro code   0x800'2504     0x4  startup_stm32f2xx.o [2]
  .text              ro code   0x800'2508     0x4  startup_stm32f2xx.o [2]
  .text              ro code   0x800'250c     0x4  startup_stm32f2xx.o [2]
  .text              ro code   0x800'2510     0x4  startup_stm32f2xx.o [2]
  .text              ro code   0x800'2514     0x4  startup_stm32f2xx.o [2]
  .text              ro code   0x800'2518     0x4  startup_stm32f2xx.o [2]
  .text              ro code   0x800'251c     0x4  startup_stm32f2xx.o [2]
  .text              ro code   0x800'2520     0x4  startup_stm32f2xx.o [2]
  .text              ro code   0x800'2524     0x4  startup_stm32f2xx.o [2]
  .text              ro code   0x800'2528     0x4  startup_stm32f2xx.o [2]
  .text              ro code   0x800'252c     0x4  startup_stm32f2xx.o [2]
  .text              ro code   0x800'2530     0x4  startup_stm32f2xx.o [2]
  .text              ro code   0x800'2534     0x4  startup_stm32f2xx.o [2]
  .text              ro code   0x800'2538     0x4  startup_stm32f2xx.o [2]
  .text              ro code   0x800'253c     0x4  startup_stm32f2xx.o [2]
  .text              ro code   0x800'2540     0x4  startup_stm32f2xx.o [2]
  .text              ro code   0x800'2544     0x4  startup_stm32f2xx.o [2]
  .text              ro code   0x800'2548     0x4  startup_stm32f2xx.o [2]
  .text              ro code   0x800'254c     0x4  startup_stm32f2xx.o [2]
  .text              ro code   0x800'2550     0x4  startup_stm32f2xx.o [2]
  .text              ro code   0x800'2554     0x4  startup_stm32f2xx.o [2]
  .text              ro code   0x800'2558     0x4  startup_stm32f2xx.o [2]
  .text              ro code   0x800'255c     0x4  startup_stm32f2xx.o [2]
  .text              ro code   0x800'2560     0x4  startup_stm32f2xx.o [2]
  .text              ro code   0x800'2564     0x4  startup_stm32f2xx.o [2]
  .text              ro code   0x800'2568     0x4  startup_stm32f2xx.o [2]
  .text              ro code   0x800'256c     0x4  startup_stm32f2xx.o [2]
  .text              ro code   0x800'2570     0x4  startup_stm32f2xx.o [2]
  .text              ro code   0x800'2574     0x4  startup_stm32f2xx.o [2]
  .text              ro code   0x800'2578     0x4  startup_stm32f2xx.o [2]
  .text              ro code   0x800'257c     0x4  startup_stm32f2xx.o [2]
  .text              ro code   0x800'2580     0x4  startup_stm32f2xx.o [2]
  .text              ro code   0x800'2584     0x4  startup_stm32f2xx.o [2]
  .text              ro code   0x800'2588     0x4  startup_stm32f2xx.o [2]
  .text              ro code   0x800'258c     0x4  startup_stm32f2xx.o [2]
  .text              ro code   0x800'2590     0x4  startup_stm32f2xx.o [2]
  .text              ro code   0x800'2594     0x4  startup_stm32f2xx.o [2]
  .text              ro code   0x800'2598     0x4  startup_stm32f2xx.o [2]
  .text              ro code   0x800'259c     0x4  startup_stm32f2xx.o [2]
  .text              ro code   0x800'25a0     0x4  startup_stm32f2xx.o [2]
  .text              ro code   0x800'25a4     0x4  startup_stm32f2xx.o [2]
  .text              ro code   0x800'25a8     0x4  startup_stm32f2xx.o [2]
  .text              ro code   0x800'25ac     0x4  startup_stm32f2xx.o [2]
  .text              ro code   0x800'25b0     0x4  startup_stm32f2xx.o [2]
  .text              ro code   0x800'25b4     0x4  startup_stm32f2xx.o [2]
  .text              ro code   0x800'25b8     0x4  startup_stm32f2xx.o [2]
  .text              ro code   0x800'25bc     0x4  startup_stm32f2xx.o [2]
  .text              ro code   0x800'25c0     0x4  startup_stm32f2xx.o [2]
  .text              ro code   0x800'25c4     0x4  startup_stm32f2xx.o [2]
  .text              ro code   0x800'25c8     0x4  startup_stm32f2xx.o [2]
  .text              ro code   0x800'25cc     0x4  startup_stm32f2xx.o [2]
  .text              ro code   0x800'25d0     0x4  startup_stm32f2xx.o [2]
  .text              ro code   0x800'25d4     0x4  startup_stm32f2xx.o [2]
  .text              ro code   0x800'25d8     0x4  startup_stm32f2xx.o [2]
  .text              ro code   0x800'25dc     0x4  startup_stm32f2xx.o [2]
  .text              ro code   0x800'25e0     0x4  startup_stm32f2xx.o [2]
  .text              ro code   0x800'25e4     0x4  startup_stm32f2xx.o [2]
  .text              ro code   0x800'25e8     0x4  startup_stm32f2xx.o [2]
  .text              ro code   0x800'25ec     0x4  startup_stm32f2xx.o [2]
  .text              ro code   0x800'25f0     0x4  startup_stm32f2xx.o [2]
  .text              ro code   0x800'25f4     0x4  startup_stm32f2xx.o [2]
  .text              ro code   0x800'25f8     0x4  startup_stm32f2xx.o [2]
  .text              ro code   0x800'25fc     0x4  startup_stm32f2xx.o [2]
  .text              ro code   0x800'2600     0x4  startup_stm32f2xx.o [2]
  .text              ro code   0x800'2604     0x4  startup_stm32f2xx.o [2]
  .text              ro code   0x800'2608     0x4  startup_stm32f2xx.o [2]
  .text              ro code   0x800'260c     0x4  startup_stm32f2xx.o [2]
  .text              ro code   0x800'2610     0x4  startup_stm32f2xx.o [2]
  .text              ro code   0x800'2614     0x4  startup_stm32f2xx.o [2]
  .text              ro code   0x800'2618     0x4  startup_stm32f2xx.o [2]
  .text              ro code   0x800'261c     0x4  startup_stm32f2xx.o [2]
  .rodata            const     0x800'2620     0x0  zero_init3.o [10]
  .rodata            const     0x800'2620     0x0  copy_init3.o [10]
                             - 0x800'2620  0x249c

"P2", part 1 of 3:                           0x14
  P2-1                        0x2000'0000    0x12  <Init block>
    .data            inited   0x2000'0000     0x8  led.o [2]
    .data            inited   0x2000'0008     0x4  stm32f2xx_hal.o [3]
    .data            inited   0x2000'000c     0x4  system_stm32f2xx.o [8]
    .data            inited   0x2000'0010     0x1  com.o [5]
    .data            inited   0x2000'0011     0x1  stm32f2xx_hal.o [3]
                            - 0x2000'0012    0x12

"P2", part 2 of 3:                          0x590
  .bss               zero     0x2000'0014   0x204  flash.o [1]
  .bss               zero     0x2000'0218   0x204  flash.o [1]
  .bss               zero     0x2000'041c    0x8c  xcp.o [5]
  .bss               zero     0x2000'04a8    0x84  com.o [5]
  .bss               zero     0x2000'052c    0x28  can.o [1]
  .bss               zero     0x2000'0554    0x20  stm32f2xx_hal_flash.o [3]
  .bss               zero     0x2000'0574    0x1c  can.o [1]
  .bss               zero     0x2000'0590     0x4  backdoor.o [5]
  .bss               zero     0x2000'0594     0x4  backdoor.o [5]
  .bss               zero     0x2000'0598     0x4  led.o [2]
  .bss               zero     0x2000'059c     0x4  timer.o [1]
  .bss               zero     0x2000'05a0     0x2  led.o [2]
  .bss               zero     0x2000'05a2     0x1  backdoor.o [5]
  .bss               zero     0x2000'05a3     0x1  led.o [2]
                            - 0x2000'05a4   0x590

"P2", part 3 of 3:                          0x800
  CSTACK                      0x2000'05a8   0x800  <Block>
    CSTACK           uninit   0x2000'05a8   0x800  <Block tail>
                            - 0x2000'0da8   0x800

Unused ranges:

         From           To      Size
         ----           --      ----
   0x800'2620   0x800'7fff    0x59e0
  0x2000'05a4  0x2000'05a7       0x4
  0x2000'0da8  0x2002'0000  0x1'f259


*******************************************************************************
*** INIT TABLE
***

          Address      Size
          -------      ----
Zero (__iar_zero_init3)
    1 destination range, total size 0x590:
          0x2000'0014  0x590

Copy (__iar_copy_init3)
    1 source range, total size 0x14 (111% of destination):
           0x800'2478   0x14
    1 destination range, total size 0x12:
          0x2000'0000   0x12



*******************************************************************************
*** MODULE SUMMARY
***

    Module                    ro code  ro data  rw data
    ------                    -------  -------  -------
command line/config:
    ---------------------------------------------------
    Total:

R:\Target\Demo\ARMCM3_STM32F2_Olimex_STM32P207_IAR\Boot\obj\ARMCM3_STM32F2_12879159777159738471.dir: [1]
    can.o                         604       76       68
    cpu.o                         110
    flash.o                     1'136      112    1'032
    nvm.o                          60
    timer.o                       112                 4
    ---------------------------------------------------
    Total:                      2'022      188    1'104

R:\Target\Demo\ARMCM3_STM32F2_Olimex_STM32P207_IAR\Boot\obj\Boot_3900015366244659033.dir: [2]
    hooks.o                        70
    led.o                         128        8       15
    main.o                        714       64
    startup_stm32f2xx.o           760
    ---------------------------------------------------
    Total:                      1'672       72       15

R:\Target\Demo\ARMCM3_STM32F2_Olimex_STM32P207_IAR\Boot\obj\HAL_6669170930832769733.dir: [3]
    stm32f2xx_hal.o               204        5        5
    stm32f2xx_hal_can.o         1'412
    stm32f2xx_hal_cortex.o        256
    stm32f2xx_hal_flash.o         512                32
    stm32f2xx_hal_flash_ex.o      388
    stm32f2xx_ll_gpio.o           612
    stm32f2xx_ll_rcc.o            500
    stm32f2xx_ll_utils.o           12
    ---------------------------------------------------
    Total:                      3'896        5       37

R:\Target\Demo\ARMCM3_STM32F2_Olimex_STM32P207_IAR\Boot\obj\IAR_7007868016798648757.dir: [4]
    cpu_comp.o                      8
    ---------------------------------------------------
    Total:                          8

R:\Target\Demo\ARMCM3_STM32F2_Olimex_STM32P207_IAR\Boot\obj\Source_15812263154798067462.dir: [5]
    asserts.o                       8
    backdoor.o                    100                 9
    boot.o                         48
    com.o                         188        1      133
    cop.o                          16
    xcp.o                       1'134        8      140
    ---------------------------------------------------
    Total:                      1'494        9      282

R:\Target\Demo\ARMCM3_STM32F2_Olimex_STM32P207_IAR\Boot\obj\fatfs_14428981400584350155.dir: [6]
    ---------------------------------------------------
    Total:

R:\Target\Demo\ARMCM3_STM32F2_Olimex_STM32P207_IAR\Boot\obj\fatfs_8849921791639881067.dir: [7]
    ---------------------------------------------------
    Total:

R:\Target\Demo\ARMCM3_STM32F2_Olimex_STM32P207_IAR\Boot\obj\lib_3603755483826162965.dir: [8]
    system_stm32f2xx.o             84       28        4
    ---------------------------------------------------
    Total:                         84       28        4

dl7M_tln.a: [9]
    exit.o                          4
    low_level_init.o                4
    ---------------------------------------------------
    Total:                          8

rt7M_tl.a: [10]
    cexit.o                        10
    cmain.o                        30
    copy_init3.o                   42
    cstartup_M.o                   28
    data_init.o                    40
    zero_init3.o                   56
    ---------------------------------------------------
    Total:                        206

shb_l.a: [11]
    exit.o                         20
    ---------------------------------------------------
    Total:                         20

    Gaps                           10
    Linker created                          38    2'048
-------------------------------------------------------
    Grand Total:                9'420      340    3'490


*******************************************************************************
*** ENTRY LIST
***

Entry                       Address   Size  Type      Object
-----                       -------   ----  ----      ------
.iar.init_table$$Base    0x800'23f0          --   Gb  - Linker created -
.iar.init_table$$Limit   0x800'2414          --   Gb  - Linker created -
?main                    0x800'2415         Code  Gb  cmain.o [10]
ADC_IRQHandler           0x800'2525         Code  Wk  startup_stm32f2xx.o [2]
AHBPrescTable            0x800'248c   0x10  Data  Gb  system_stm32f2xx.o [8]
APBPrescTable            0x800'24ac    0x8  Data  Gb  system_stm32f2xx.o [8]
AssertFailure            0x800'0e91    0x8  Code  Gb  asserts.o [5]
BackDoorCheck            0x800'21ef   0x32  Code  Gb  backdoor.o [5]
BackDoorInit             0x800'21dd   0x12  Code  Gb  backdoor.o [5]
BackDoorRestartTimer     0x800'2221   0x14  Code  Gb  backdoor.o [5]
BootInit                 0x800'1f3d   0x1c  Code  Gb  boot.o [5]
BootTask                 0x800'1f59   0x14  Code  Gb  boot.o [5]
BusFault_Handler         0x800'24c9         Code  Wk  startup_stm32f2xx.o [2]
CAN1_RX0_IRQHandler      0x800'252d         Code  Wk  startup_stm32f2xx.o [2]
CAN1_RX1_IRQHandler      0x800'2531         Code  Wk  startup_stm32f2xx.o [2]
CAN1_SCE_IRQHandler      0x800'2535         Code  Wk  startup_stm32f2xx.o [2]
CAN1_TX_IRQHandler       0x800'2529         Code  Wk  startup_stm32f2xx.o [2]
CAN2_RX0_IRQHandler      0x800'25dd         Code  Wk  startup_stm32f2xx.o [2]
CAN2_RX1_IRQHandler      0x800'25e1         Code  Wk  startup_stm32f2xx.o [2]
CAN2_SCE_IRQHandler      0x800'25e5         Code  Wk  startup_stm32f2xx.o [2]
CAN2_TX_IRQHandler       0x800'25d9         Code  Wk  startup_stm32f2xx.o [2]
CRYP_IRQHandler          0x800'2619         Code  Wk  startup_stm32f2xx.o [2]
CSTACK$$Base            0x2000'05a8          --   Gb  - Linker created -
CSTACK$$Limit           0x2000'0da8          --   Gb  - Linker created -
CanGetSpeedConfig        0x800'16d5   0xb2  Code  Lc  can.o [1]
CanInit                  0x800'1787    0x8  Code  Gb  can.o [1]
CanInit_CAN2             0x800'178f   0xd2  Code  Gb  can.o [1]
CanReceivePacket         0x800'18bf   0x54  Code  Gb  can.o [1]
CanTransmitPacket        0x800'1861   0x5e  Code  Gb  can.o [1]
ComFree                  0x800'10dd    0x2  Code  Gb  com.o [5]
ComGetActiveInterfaceMaxRxLen
                         0x800'10f5   0x2a  Code  Gb  com.o [5]
ComGetActiveInterfaceMaxTxLen
                         0x800'111f   0x2a  Code  Gb  com.o [5]
ComInit                  0x800'10a9   0x12  Code  Gb  com.o [5]
ComIsConnected           0x800'1151   0x14  Code  Gb  com.o [5]
ComTask                  0x800'10bb   0x22  Code  Gb  com.o [5]
ComTask::xcpCtoReqPacket
                        0x2000'04a8   0x84  Data  Lc  com.o [5]
ComTransmitPacket        0x800'10df   0x16  Code  Gb  com.o [5]
CopInit                  0x800'0c57    0x8  Code  Gb  cop.o [5]
CopInitHook              0x800'1095    0xa  Code  Gb  hooks.o [2]
CopService               0x800'0c5f    0x8  Code  Gb  cop.o [5]
CopServiceHook           0x800'109f    0x8  Code  Gb  hooks.o [2]
CpuInit                  0x800'0be9    0x8  Code  Gb  cpu.o [1]
CpuIrqDisable            0x800'101d    0x4  Code  Gb  cpu_comp.o [4]
CpuIrqEnable             0x800'1021    0x4  Code  Gb  cpu_comp.o [4]
CpuMemCopy               0x800'0c35   0x22  Code  Gb  cpu.o [1]
CpuStartUserProgram      0x800'0bf1   0x3a  Code  Gb  cpu.o [1]
CpuUserProgramStartHook
                         0x800'1073   0x1c  Code  Gb  hooks.o [2]
DCMI_IRQHandler          0x800'2615         Code  Wk  startup_stm32f2xx.o [2]
DMA1_Stream0_IRQHandler
                         0x800'2509         Code  Wk  startup_stm32f2xx.o [2]
DMA1_Stream1_IRQHandler
                         0x800'250d         Code  Wk  startup_stm32f2xx.o [2]
DMA1_Stream2_IRQHandler
                         0x800'2511         Code  Wk  startup_stm32f2xx.o [2]
DMA1_Stream3_IRQHandler
                         0x800'2515         Code  Wk  startup_stm32f2xx.o [2]
DMA1_Stream4_IRQHandler
                         0x800'2519         Code  Wk  startup_stm32f2xx.o [2]
DMA1_Stream5_IRQHandler
                         0x800'251d         Code  Wk  startup_stm32f2xx.o [2]
DMA1_Stream6_IRQHandler
                         0x800'2521         Code  Wk  startup_stm32f2xx.o [2]
DMA1_Stream7_IRQHandler
                         0x800'2599         Code  Wk  startup_stm32f2xx.o [2]
DMA2_Stream0_IRQHandler
                         0x800'25bd         Code  Wk  startup_stm32f2xx.o [2]
DMA2_Stream1_IRQHandler
                         0x800'25c1         Code  Wk  startup_stm32f2xx.o [2]
DMA2_Stream2_IRQHandler
                         0x800'25c5         Code  Wk  startup_stm32f2xx.o [2]
DMA2_Stream3_IRQHandler
                         0x800'25c9         Code  Wk  startup_stm32f2xx.o [2]
DMA2_Stream4_IRQHandler
                         0x800'25cd         Code  Wk  startup_stm32f2xx.o [2]
DMA2_Stream5_IRQHandler
                         0x800'25ed         Code  Wk  startup_stm32f2xx.o [2]
DMA2_Stream6_IRQHandler
                         0x800'25f1         Code  Wk  startup_stm32f2xx.o [2]
DMA2_Stream7_IRQHandler
                         0x800'25f5         Code  Wk  startup_stm32f2xx.o [2]
DebugMon_Handler         0x800'24d5         Code  Wk  startup_stm32f2xx.o [2]
ETH_IRQHandler           0x800'25d1         Code  Wk  startup_stm32f2xx.o [2]
ETH_WKUP_IRQHandler      0x800'25d5         Code  Wk  startup_stm32f2xx.o [2]
EXTI0_IRQHandler         0x800'24f5         Code  Wk  startup_stm32f2xx.o [2]
EXTI15_10_IRQHandler     0x800'257d         Code  Wk  startup_stm32f2xx.o [2]
EXTI1_IRQHandler         0x800'24f9         Code  Wk  startup_stm32f2xx.o [2]
EXTI2_IRQHandler         0x800'24fd         Code  Wk  startup_stm32f2xx.o [2]
EXTI3_IRQHandler         0x800'2501         Code  Wk  startup_stm32f2xx.o [2]
EXTI4_IRQHandler         0x800'2505         Code  Wk  startup_stm32f2xx.o [2]
EXTI9_5_IRQHandler       0x800'2539         Code  Wk  startup_stm32f2xx.o [2]
FLASH_Erase_Sector       0x800'0f41   0x5c  Code  Gb  stm32f2xx_hal_flash_ex.o [3]
FLASH_FlushCaches        0x800'0f9d   0x50  Code  Gb  stm32f2xx_hal_flash_ex.o [3]
FLASH_IRQHandler         0x800'24ed         Code  Wk  startup_stm32f2xx.o [2]
FLASH_MassErase          0x800'0fed   0x22  Code  Lc  stm32f2xx_hal_flash_ex.o [3]
FLASH_Program_Byte       0x800'0df5   0x1a  Code  Lc  stm32f2xx_hal_flash.o [3]
FLASH_Program_DoubleWord
                         0x800'0d8f   0x2a  Code  Lc  stm32f2xx_hal_flash.o [3]
FLASH_Program_HalfWord   0x800'0dd7   0x1e  Code  Lc  stm32f2xx_hal_flash.o [3]
FLASH_Program_Word       0x800'0db9   0x1e  Code  Lc  stm32f2xx_hal_flash.o [3]
FLASH_SetErrorCode       0x800'0e0f   0x68  Code  Lc  stm32f2xx_hal_flash.o [3]
FLASH_WaitForLastOperation
                         0x800'0d3f   0x50  Code  Gb  stm32f2xx_hal_flash.o [3]
FSMC_IRQHandler          0x800'259d         Code  Wk  startup_stm32f2xx.o [2]
FlashAddToBlock          0x800'099b   0x92  Code  Lc  flash.o [1]
FlashDone                0x800'0901   0x32  Code  Gb  flash.o [1]
FlashEmptyCheckSector    0x800'0a7f   0x78  Code  Lc  flash.o [1]
FlashErase               0x800'07ef   0x52  Code  Gb  flash.o [1]
FlashEraseSectors        0x800'0af7   0x8e  Code  Lc  flash.o [1]
FlashGetSector           0x800'0b85   0x50  Code  Lc  flash.o [1]
FlashGetUserProgBaseAddress
                         0x800'0933    0x6  Code  Gb  flash.o [1]
FlashInit                0x800'0779   0x12  Code  Gb  flash.o [1]
FlashInitBlock           0x800'0939   0x24  Code  Lc  flash.o [1]
FlashSwitchBlock         0x800'095d   0x3e  Code  Lc  flash.o [1]
FlashVerifyChecksum      0x800'08af   0x52  Code  Gb  flash.o [1]
FlashWrite               0x800'078b   0x64  Code  Gb  flash.o [1]
FlashWriteBlock          0x800'0a2d   0x52  Code  Lc  flash.o [1]
FlashWriteChecksum       0x800'0841   0x6e  Code  Gb  flash.o [1]
HAL_CAN_AddTxMessage     0x800'047d  0x10a  Code  Gb  stm32f2xx_hal_can.o [3]
HAL_CAN_ConfigFilter     0x800'02f1  0x12a  Code  Gb  stm32f2xx_hal_can.o [3]
HAL_CAN_GetRxMessage     0x800'05b3  0x154  Code  Gb  stm32f2xx_hal_can.o [3]
HAL_CAN_Init             0x800'0185  0x16c  Code  Gb  stm32f2xx_hal_can.o [3]
HAL_CAN_IsTxMessagePending
                         0x800'0587   0x2c  Code  Gb  stm32f2xx_hal_can.o [3]
HAL_CAN_MspInit          0x800'0707    0x2  Code  Wk  stm32f2xx_hal_can.o [3]
HAL_CAN_Start            0x800'041b   0x5c  Code  Gb  stm32f2xx_hal_can.o [3]
HAL_DeInit               0x800'1195   0x36  Code  Gb  stm32f2xx_hal.o [3]
HAL_FLASHEx_Erase        0x800'0e99   0xa8  Code  Gb  stm32f2xx_hal_flash_ex.o [3]
HAL_FLASH_Lock           0x800'0d31    0xe  Code  Gb  stm32f2xx_hal_flash.o [3]
HAL_FLASH_Program        0x800'0c91   0x80  Code  Gb  stm32f2xx_hal_flash.o [3]
HAL_FLASH_Unlock         0x800'0d11   0x20  Code  Gb  stm32f2xx_hal_flash.o [3]
HAL_GetTick              0x800'0771    0x8  Code  Gb  timer.o [1]
HAL_Init                 0x800'1165   0x30  Code  Gb  stm32f2xx_hal.o [3]
HAL_InitTick             0x800'1a31   0x4c  Code  Wk  stm32f2xx_hal.o [3]
HAL_MspDeInit            0x800'1cc7   0x4a  Code  Gb  main.o [2]
HAL_MspInit              0x800'1c13   0xb4  Code  Gb  main.o [2]
HAL_NVIC_SetPriority     0x800'19eb   0x22  Code  Gb  stm32f2xx_hal_cortex.o [3]
HAL_NVIC_SetPriorityGrouping
                         0x800'19e3    0x8  Code  Gb  stm32f2xx_hal_cortex.o [3]
HAL_SYSTICK_Config       0x800'1a0d    0x8  Code  Gb  stm32f2xx_hal_cortex.o [3]
HASH_RNG_IRQHandler      0x800'261d         Code  Wk  startup_stm32f2xx.o [2]
HardFault_Handler        0x800'24c1         Code  Wk  startup_stm32f2xx.o [2]
I2C1_ER_IRQHandler       0x800'255d         Code  Wk  startup_stm32f2xx.o [2]
I2C1_EV_IRQHandler       0x800'2559         Code  Wk  startup_stm32f2xx.o [2]
I2C2_ER_IRQHandler       0x800'2565         Code  Wk  startup_stm32f2xx.o [2]
I2C2_EV_IRQHandler       0x800'2561         Code  Wk  startup_stm32f2xx.o [2]
I2C3_ER_IRQHandler       0x800'2601         Code  Wk  startup_stm32f2xx.o [2]
I2C3_EV_IRQHandler       0x800'25fd         Code  Wk  startup_stm32f2xx.o [2]
Init                     0x800'1b9d    0xc  Code  Lc  main.o [2]
LL_AHB1_GRP1_DisableClock
                         0x800'1b1f    0xc  Code  Lc  main.o [2]
LL_AHB1_GRP1_EnableClock
                         0x800'1b09   0x16  Code  Lc  main.o [2]
LL_AHB1_GRP1_ForceReset
                         0x800'2053    0xa  Code  Lc  stm32f2xx_ll_gpio.o [3]
LL_AHB1_GRP1_ReleaseReset
                         0x800'205d    0xc  Code  Lc  stm32f2xx_ll_gpio.o [3]
LL_APB1_GRP1_DisableClock
                         0x800'1b41    0xc  Code  Lc  main.o [2]
LL_APB1_GRP1_EnableClock
                         0x800'1b2b   0x16  Code  Lc  main.o [2]
LL_APB2_GRP1_DisableClock
                         0x800'1b63    0xc  Code  Lc  main.o [2]
LL_APB2_GRP1_EnableClock
                         0x800'1b4d   0x16  Code  Lc  main.o [2]
LL_FLASH_GetLatency      0x800'1b7d    0xa  Code  Lc  main.o [2]
LL_FLASH_SetLatency      0x800'1b6f    0xe  Code  Lc  main.o [2]
LL_GPIO_DeInit           0x800'2069   0xc4  Code  Gb  stm32f2xx_ll_gpio.o [3]
LL_GPIO_Init             0x800'2155   0x88  Code  Gb  stm32f2xx_ll_gpio.o [3]
LL_GPIO_IsInputPinSet    0x800'1061   0x12  Code  Lc  hooks.o [2]
LL_GPIO_ResetOutputPin   0x800'11e9    0x6  Code  Lc  led.o [2]
LL_GPIO_ResetOutputPin   0x800'1b87    0x6  Code  Lc  main.o [2]
LL_GPIO_SetAFPin_0_7     0x800'1ffd   0x28  Code  Lc  stm32f2xx_ll_gpio.o [3]
LL_GPIO_SetAFPin_8_15    0x800'2025   0x2e  Code  Lc  stm32f2xx_ll_gpio.o [3]
LL_GPIO_SetOutputPin     0x800'11e5    0x4  Code  Lc  led.o [2]
LL_GPIO_SetPinMode       0x800'1f79   0x28  Code  Lc  stm32f2xx_ll_gpio.o [3]
LL_GPIO_SetPinOutputType
                         0x800'1fa1    0xc  Code  Lc  stm32f2xx_ll_gpio.o [3]
LL_GPIO_SetPinPull       0x800'1fd5   0x28  Code  Lc  stm32f2xx_ll_gpio.o [3]
LL_GPIO_SetPinSpeed      0x800'1fad   0x28  Code  Lc  stm32f2xx_ll_gpio.o [3]
LL_RCC_ClearResetFlags   0x800'1dd9    0xc  Code  Lc  stm32f2xx_ll_rcc.o [3]
LL_RCC_DeInit            0x800'1de5   0x56  Code  Gb  stm32f2xx_ll_rcc.o [3]
LL_RCC_GetAHBPrescaler   0x800'1d7b    0xa  Code  Lc  stm32f2xx_ll_rcc.o [3]
LL_RCC_GetAPB1Prescaler
                         0x800'1d85    0xa  Code  Lc  stm32f2xx_ll_rcc.o [3]
LL_RCC_GetAPB2Prescaler
                         0x800'1d8f    0xa  Code  Lc  stm32f2xx_ll_rcc.o [3]
LL_RCC_GetSysClkSource   0x800'1aa3    0xa  Code  Lc  main.o [2]
LL_RCC_GetSysClkSource   0x800'1d71    0xa  Code  Lc  stm32f2xx_ll_rcc.o [3]
LL_RCC_GetSystemClocksFreq
                         0x800'1e3b   0x24  Code  Gb  stm32f2xx_ll_rcc.o [3]
LL_RCC_HSE_Enable        0x800'1a7d    0xc  Code  Lc  main.o [2]
LL_RCC_HSE_IsReady       0x800'1a89    0xc  Code  Lc  main.o [2]
LL_RCC_HSI_Enable        0x800'1d49    0xc  Code  Lc  stm32f2xx_ll_rcc.o [3]
LL_RCC_HSI_IsReady       0x800'1d55    0xc  Code  Lc  stm32f2xx_ll_rcc.o [3]
LL_RCC_HSI_SetCalibTrimming
                         0x800'1d61   0x10  Code  Lc  stm32f2xx_ll_rcc.o [3]
LL_RCC_PLLI2S_IsReady    0x800'1dcd    0xc  Code  Lc  stm32f2xx_ll_rcc.o [3]
LL_RCC_PLL_ConfigDomain_SYS
                         0x800'1aef   0x1a  Code  Lc  main.o [2]
LL_RCC_PLL_Enable        0x800'1ad7    0xc  Code  Lc  main.o [2]
LL_RCC_PLL_GetDivider    0x800'1dc3    0xa  Code  Lc  stm32f2xx_ll_rcc.o [3]
LL_RCC_PLL_GetMainSource
                         0x800'1db9    0xa  Code  Lc  stm32f2xx_ll_rcc.o [3]
LL_RCC_PLL_GetN          0x800'1da5    0xa  Code  Lc  stm32f2xx_ll_rcc.o [3]
LL_RCC_PLL_GetP          0x800'1daf    0xa  Code  Lc  stm32f2xx_ll_rcc.o [3]
LL_RCC_PLL_IsReady       0x800'1ae3    0xc  Code  Lc  main.o [2]
LL_RCC_PLL_IsReady       0x800'1d99    0xc  Code  Lc  stm32f2xx_ll_rcc.o [3]
LL_RCC_SetAHBPrescaler   0x800'1aad    0xe  Code  Lc  main.o [2]
LL_RCC_SetAPB1Prescaler
                         0x800'1abb    0xe  Code  Lc  main.o [2]
LL_RCC_SetAPB2Prescaler
                         0x800'1ac9    0xe  Code  Lc  main.o [2]
LL_RCC_SetSysClkSource   0x800'1a95    0xe  Code  Lc  main.o [2]
LL_SetSystemCoreClock    0x800'1f6d    0x6  Code  Gb  stm32f2xx_ll_utils.o [3]
LedBlinkExit             0x800'123f    0xe  Code  Gb  led.o [2]
LedBlinkInit             0x800'11ef    0x6  Code  Gb  led.o [2]
LedBlinkTask             0x800'11f5   0x4a  Code  Gb  led.o [2]
LedBlinkTask::ledOn     0x2000'05a3    0x1  Data  Lc  led.o [2]
LedBlinkTask::nextBlinkEvent
                        0x2000'0598    0x4  Data  Lc  led.o [2]
MemManage_Handler        0x800'24c5         Code  Wk  startup_stm32f2xx.o [2]
NMI_Handler              0x800'24bd         Code  Wk  startup_stm32f2xx.o [2]
NVIC_EncodePriority      0x800'1979   0x3c  Code  Lc  stm32f2xx_hal_cortex.o [3]
NvmDone                  0x800'104d   0x14  Code  Gb  nvm.o [1]
NvmErase                 0x800'1035    0x8  Code  Gb  nvm.o [1]
NvmGetUserProgBaseAddress
                         0x800'1045    0x8  Code  Gb  nvm.o [1]
NvmInit                  0x800'1025    0x8  Code  Gb  nvm.o [1]
NvmVerifyChecksum        0x800'103d    0x8  Code  Gb  nvm.o [1]
NvmWrite                 0x800'102d    0x8  Code  Gb  nvm.o [1]
OTG_FS_IRQHandler        0x800'25e9         Code  Wk  startup_stm32f2xx.o [2]
OTG_FS_WKUP_IRQHandler   0x800'2585         Code  Wk  startup_stm32f2xx.o [2]
OTG_HS_EP1_IN_IRQHandler
                         0x800'2609         Code  Wk  startup_stm32f2xx.o [2]
OTG_HS_EP1_OUT_IRQHandler
                         0x800'2605         Code  Wk  startup_stm32f2xx.o [2]
OTG_HS_IRQHandler        0x800'2611         Code  Wk  startup_stm32f2xx.o [2]
OTG_HS_WKUP_IRQHandler   0x800'260d         Code  Wk  startup_stm32f2xx.o [2]
PVD_IRQHandler           0x800'24e1         Code  Wk  startup_stm32f2xx.o [2]
PendSV_Handler           0x800'24d9         Code  Wk  startup_stm32f2xx.o [2]
RCC_GetHCLKClockFreq     0x800'1e87   0x16  Code  Gb  stm32f2xx_ll_rcc.o [3]
RCC_GetPCLK1ClockFreq    0x800'1e9d   0x14  Code  Gb  stm32f2xx_ll_rcc.o [3]
RCC_GetPCLK2ClockFreq    0x800'1eb1   0x14  Code  Gb  stm32f2xx_ll_rcc.o [3]
RCC_GetSystemClockFreq   0x800'1e5f   0x28  Code  Gb  stm32f2xx_ll_rcc.o [3]
RCC_IRQHandler           0x800'24f1         Code  Wk  startup_stm32f2xx.o [2]
RCC_PLL_GetFreqDomain_SYS
                         0x800'1ec5   0x44  Code  Gb  stm32f2xx_ll_rcc.o [3]
RTC_Alarm_IRQHandler     0x800'2581         Code  Wk  startup_stm32f2xx.o [2]
RTC_WKUP_IRQHandler      0x800'24e9         Code  Wk  startup_stm32f2xx.o [2]
Region$$Table$$Base      0x800'23f0          --   Gb  - Linker created -
Region$$Table$$Limit     0x800'2414          --   Gb  - Linker created -
Reset_Handler            0x800'249d         Code  Wk  startup_stm32f2xx.o [2]
SDIO_IRQHandler          0x800'25a1         Code  Wk  startup_stm32f2xx.o [2]
SPI1_IRQHandler          0x800'2569         Code  Wk  startup_stm32f2xx.o [2]
SPI2_IRQHandler          0x800'256d         Code  Wk  startup_stm32f2xx.o [2]
SPI3_IRQHandler          0x800'25a9         Code  Wk  startup_stm32f2xx.o [2]
SVC_Handler              0x800'24d1         Code  Wk  startup_stm32f2xx.o [2]
SysTick_Config           0x800'19b5   0x2e  Code  Lc  stm32f2xx_hal_cortex.o [3]
SysTick_Handler          0x800'1d45    0x2  Code  Gb  main.o [2]
SystemClock_Config       0x800'1ba9   0x6a  Code  Lc  main.o [2]
SystemCoreClock         0x2000'000c    0x4  Data  Gb  system_stm32f2xx.o [8]
SystemInit               0x800'2241   0x36  Code  Gb  system_stm32f2xx.o [8]
TAMP_STAMP_IRQHandler    0x800'24e5         Code  Wk  startup_stm32f2xx.o [2]
TIM1_BRK_TIM9_IRQHandler
                         0x800'253d         Code  Wk  startup_stm32f2xx.o [2]
TIM1_CC_IRQHandler       0x800'2549         Code  Wk  startup_stm32f2xx.o [2]
TIM1_TRG_COM_TIM11_IRQHandler
                         0x800'2545         Code  Wk  startup_stm32f2xx.o [2]
TIM1_UP_TIM10_IRQHandler
                         0x800'2541         Code  Wk  startup_stm32f2xx.o [2]
TIM2_IRQHandler          0x800'254d         Code  Wk  startup_stm32f2xx.o [2]
TIM3_IRQHandler          0x800'2551         Code  Wk  startup_stm32f2xx.o [2]
TIM4_IRQHandler          0x800'2555         Code  Wk  startup_stm32f2xx.o [2]
TIM5_IRQHandler          0x800'25a5         Code  Wk  startup_stm32f2xx.o [2]
TIM6_DAC_IRQHandler      0x800'25b5         Code  Wk  startup_stm32f2xx.o [2]
TIM7_IRQHandler          0x800'25b9         Code  Wk  startup_stm32f2xx.o [2]
TIM8_BRK_TIM12_IRQHandler
                         0x800'2589         Code  Wk  startup_stm32f2xx.o [2]
TIM8_CC_IRQHandler       0x800'2595         Code  Wk  startup_stm32f2xx.o [2]
TIM8_TRG_COM_TIM14_IRQHandler
                         0x800'2591         Code  Wk  startup_stm32f2xx.o [2]
TIM8_UP_TIM13_IRQHandler
                         0x800'258d         Code  Wk  startup_stm32f2xx.o [2]
TimerGet                 0x800'074f    0xc  Code  Gb  timer.o [1]
TimerInit                0x800'0709   0x20  Code  Gb  timer.o [1]
TimerReset               0x800'0729   0x14  Code  Gb  timer.o [1]
TimerUpdate              0x800'073d   0x12  Code  Gb  timer.o [1]
UART4_IRQHandler         0x800'25ad         Code  Wk  startup_stm32f2xx.o [2]
UART5_IRQHandler         0x800'25b1         Code  Wk  startup_stm32f2xx.o [2]
USART1_IRQHandler        0x800'2571         Code  Wk  startup_stm32f2xx.o [2]
USART2_IRQHandler        0x800'2575         Code  Wk  startup_stm32f2xx.o [2]
USART3_IRQHandler        0x800'2579         Code  Wk  startup_stm32f2xx.o [2]
USART6_IRQHandler        0x800'25f9         Code  Wk  startup_stm32f2xx.o [2]
UsageFault_Handler       0x800'24cd         Code  Wk  startup_stm32f2xx.o [2]
WWDG_IRQHandler          0x800'24dd         Code  Wk  startup_stm32f2xx.o [2]
XcpCmdBuildCheckSum      0x800'1575   0x38  Code  Lc  xcp.o [5]
XcpCmdConnect            0x800'1407   0x50  Code  Lc  xcp.o [5]
XcpCmdDisconnect         0x800'1457   0x1a  Code  Lc  xcp.o [5]
XcpCmdGetId              0x800'149f   0x2a  Code  Lc  xcp.o [5]
XcpCmdGetStatus          0x800'1471   0x24  Code  Lc  xcp.o [5]
XcpCmdProgram            0x800'161b   0x62  Code  Lc  xcp.o [5]
XcpCmdProgramClear       0x800'167d   0x2e  Code  Lc  xcp.o [5]
XcpCmdProgramMax         0x800'15d7   0x44  Code  Lc  xcp.o [5]
XcpCmdProgramPrepare     0x800'16c9    0xa  Code  Lc  xcp.o [5]
XcpCmdProgramReset       0x800'16ab   0x14  Code  Lc  xcp.o [5]
XcpCmdProgramStart       0x800'15ad   0x2a  Code  Lc  xcp.o [5]
XcpCmdSetMta             0x800'14c9   0x1a  Code  Lc  xcp.o [5]
XcpCmdShortUpload        0x800'1527   0x4e  Code  Lc  xcp.o [5]
XcpCmdSynch              0x800'1495    0xa  Code  Lc  xcp.o [5]
XcpCmdUpload             0x800'14e3   0x44  Code  Lc  xcp.o [5]
XcpComputeChecksum       0x800'1397   0x26  Code  Lc  xcp.o [5]
XcpGetOrderedLong        0x800'13d7   0x1c  Code  Lc  xcp.o [5]
XcpInit                  0x800'1265   0x2a  Code  Gb  xcp.o [5]
XcpIsConnected           0x800'128f   0x14  Code  Gb  xcp.o [5]
XcpPacketReceived        0x800'12af   0xde  Code  Gb  xcp.o [5]
XcpPacketTransmitted     0x800'12a3    0xc  Code  Gb  xcp.o [5]
XcpProtectResources      0x800'13bd    0xa  Code  Lc  xcp.o [5]
XcpSetCtoError           0x800'13c7   0x10  Code  Lc  xcp.o [5]
XcpSetOrderedLong        0x800'13f3   0x14  Code  Lc  xcp.o [5]
XcpTransmitPacket        0x800'138d    0xa  Code  Lc  xcp.o [5]
__NVIC_GetPriorityGrouping
                         0x800'194b    0xa  Code  Lc  stm32f2xx_hal_cortex.o [3]
__NVIC_SetPriority       0x800'1955   0x24  Code  Lc  stm32f2xx_hal_cortex.o [3]
__NVIC_SetPriorityGrouping
                         0x800'1931   0x1a  Code  Lc  stm32f2xx_hal_cortex.o [3]
__cmain                  0x800'2415         Code  Gb  cmain.o [10]
__exit                   0x800'2449   0x14  Code  Gb  exit.o [11]
__iar_copy_init3         0x800'0c67   0x2a  Code  Gb  copy_init3.o [10]
__iar_data_init3         0x800'23a5   0x28  Code  Gb  data_init.o [10]
__iar_program_start      0x800'245d         Code  Gb  cstartup_M.o [10]
__iar_zero_init3         0x800'231d   0x38  Code  Gb  zero_init3.o [10]
__low_level_init         0x800'2433    0x4  Code  Gb  low_level_init.o [9]
__vector_table           0x800'0000         Data  Gb  startup_stm32f2xx.o [2]
_call_main               0x800'2421         Code  Gb  cmain.o [10]
_exit                    0x800'243d         Code  Gb  cexit.o [10]
backdoorExtensionTime   0x2000'0594    0x4  Data  Lc  backdoor.o [5]
backdoorOpen            0x2000'05a2    0x1  Data  Lc  backdoor.o [5]
backdoorOpenTime        0x2000'0590    0x4  Data  Lc  backdoor.o [5]
blockInfo               0x2000'0014  0x204  Data  Lc  flash.o [1]
bootBlockInfo           0x2000'0218  0x204  Data  Lc  flash.o [1]
canHandle               0x2000'052c   0x28  Data  Lc  can.o [1]
canTiming                0x800'23cc   0x24  Data  Lc  can.o [1]
comActiveInterface      0x2000'0010    0x1  Data  Lc  com.o [5]
exit                     0x800'2437    0x4  Code  Gb  exit.o [9]
flashLayout              0x800'2294   0x48  Data  Lc  flash.o [1]
ledBlinkIntervalMs      0x2000'05a0    0x2  Data  Lc  led.o [2]
main                     0x800'1b8d   0x10  Code  Gb  main.o [2]
millisecond_counter     0x2000'059c    0x4  Data  Lc  timer.o [1]
pFlash                  0x2000'0554   0x20  Data  Gb  stm32f2xx_hal_flash.o [3]
rxMsgHeader             0x2000'0574   0x1c  Data  Lc  can.o [1]
testCanData             0x2000'0000    0x8  Data  Lc  led.o [2]
uwTickFreq              0x2000'0011    0x1  Data  Gb  stm32f2xx_hal.o [3]
uwTickPrio              0x2000'0008    0x4  Data  Gb  stm32f2xx_hal.o [3]
xcpInfo                 0x2000'041c   0x8c  Data  Lc  xcp.o [5]
xcpStationId             0x800'24b4    0x8  Data  Lc  xcp.o [5]


[1] = R:\Target\Demo\ARMCM3_STM32F2_Olimex_STM32P207_IAR\Boot\obj\ARMCM3_STM32F2_12879159777159738471.dir
[2] = R:\Target\Demo\ARMCM3_STM32F2_Olimex_STM32P207_IAR\Boot\obj\Boot_3900015366244659033.dir
[3] = R:\Target\Demo\ARMCM3_STM32F2_Olimex_STM32P207_IAR\Boot\obj\HAL_6669170930832769733.dir
[4] = R:\Target\Demo\ARMCM3_STM32F2_Olimex_STM32P207_IAR\Boot\obj\IAR_7007868016798648757.dir
[5] = R:\Target\Demo\ARMCM3_STM32F2_Olimex_STM32P207_IAR\Boot\obj\Source_15812263154798067462.dir
[6] = R:\Target\Demo\ARMCM3_STM32F2_Olimex_STM32P207_IAR\Boot\obj\fatfs_14428981400584350155.dir
[7] = R:\Target\Demo\ARMCM3_STM32F2_Olimex_STM32P207_IAR\Boot\obj\fatfs_8849921791639881067.dir
[8] = R:\Target\Demo\ARMCM3_STM32F2_Olimex_STM32P207_IAR\Boot\obj\lib_3603755483826162965.dir
[9] = dl7M_tln.a
[10] = rt7M_tl.a
[11] = shb_l.a

  9'420 bytes of readonly  code memory
    340 bytes of readonly  data memory
  3'490 bytes of readwrite data memory

Errors: none
Warnings: none
